------------------------------------------------------------
TimeQuest Timing Analyzer Summary
------------------------------------------------------------

Type  : Slow 1100mV 85C Model Setup 'cycloneV_soc_2|pll_0|altera_pll_i|general[1].gpll~PLL_OUTPUT_COUNTER|divclk'
Slack : -2.469
TNS   : -125.421

Type  : Slow 1100mV 85C Model Setup 'cycloneV_soc:cycloneV_soc_2|cycloneV_soc_hps_0:hps_0|cycloneV_soc_hps_0_hps_io:hps_io|cycloneV_soc_hps_0_hps_io_border:border|hps_sdram:hps_sdram_inst|hps_sdram_pll:pll|afi_clk_write_clk'
Slack : 1.730
TNS   : 0.000

Type  : Slow 1100mV 85C Model Setup 'CLOCK_50'
Slack : 6.052
TNS   : 0.000

Type  : Slow 1100mV 85C Model Setup 'altera_reserved_tck'
Slack : 6.796
TNS   : 0.000

Type  : Slow 1100mV 85C Model Setup 'cycloneV_soc_2|pll_0|altera_pll_i|general[0].gpll~PLL_OUTPUT_COUNTER|divclk'
Slack : 91.960
TNS   : 0.000

Type  : Slow 1100mV 85C Model Hold 'cycloneV_soc:cycloneV_soc_2|cycloneV_soc_hps_0:hps_0|cycloneV_soc_hps_0_hps_io:hps_io|cycloneV_soc_hps_0_hps_io_border:border|hps_sdram:hps_sdram_inst|hps_sdram_pll:pll|afi_clk_write_clk'
Slack : 0.143
TNS   : 0.000

Type  : Slow 1100mV 85C Model Hold 'cycloneV_soc_2|pll_0|altera_pll_i|general[1].gpll~PLL_OUTPUT_COUNTER|divclk'
Slack : 0.215
TNS   : 0.000

Type  : Slow 1100mV 85C Model Hold 'CLOCK_50'
Slack : 0.235
TNS   : 0.000

Type  : Slow 1100mV 85C Model Hold 'cycloneV_soc_2|pll_0|altera_pll_i|general[0].gpll~PLL_OUTPUT_COUNTER|divclk'
Slack : 0.287
TNS   : 0.000

Type  : Slow 1100mV 85C Model Hold 'altera_reserved_tck'
Slack : 0.356
TNS   : 0.000

Type  : Slow 1100mV 85C Model Recovery 'cycloneV_soc_2|pll_0|altera_pll_i|general[1].gpll~PLL_OUTPUT_COUNTER|divclk'
Slack : -2.294
TNS   : -251.431

Type  : Slow 1100mV 85C Model Recovery 'cycloneV_soc:cycloneV_soc_2|cycloneV_soc_hps_0:hps_0|cycloneV_soc_hps_0_hps_io:hps_io|cycloneV_soc_hps_0_hps_io_border:border|hps_sdram:hps_sdram_inst|hps_sdram_pll:pll|afi_clk_write_clk'
Slack : 3.463
TNS   : 0.000

Type  : Slow 1100mV 85C Model Recovery 'CLOCK_50'
Slack : 10.952
TNS   : 0.000

Type  : Slow 1100mV 85C Model Recovery 'altera_reserved_tck'
Slack : 34.662
TNS   : 0.000

Type  : Slow 1100mV 85C Model Recovery 'cycloneV_soc_2|pll_0|altera_pll_i|general[0].gpll~PLL_OUTPUT_COUNTER|divclk'
Slack : 93.696
TNS   : 0.000

Type  : Slow 1100mV 85C Model Removal 'cycloneV_soc:cycloneV_soc_2|cycloneV_soc_hps_0:hps_0|cycloneV_soc_hps_0_hps_io:hps_io|cycloneV_soc_hps_0_hps_io_border:border|hps_sdram:hps_sdram_inst|hps_sdram_pll:pll|afi_clk_write_clk'
Slack : 0.286
TNS   : 0.000

Type  : Slow 1100mV 85C Model Removal 'cycloneV_soc_2|pll_0|altera_pll_i|general[1].gpll~PLL_OUTPUT_COUNTER|divclk'
Slack : 0.627
TNS   : 0.000

Type  : Slow 1100mV 85C Model Removal 'altera_reserved_tck'
Slack : 0.846
TNS   : 0.000

Type  : Slow 1100mV 85C Model Removal 'CLOCK_50'
Slack : 0.863
TNS   : 0.000

Type  : Slow 1100mV 85C Model Removal 'cycloneV_soc_2|pll_0|altera_pll_i|general[0].gpll~PLL_OUTPUT_COUNTER|divclk'
Slack : 0.978
TNS   : 0.000

Type  : Slow 1100mV 85C Model Minimum Pulse Width 'cycloneV_soc:cycloneV_soc_2|cycloneV_soc_hps_0:hps_0|cycloneV_soc_hps_0_hps_io:hps_io|cycloneV_soc_hps_0_hps_io_border:border|hps_sdram:hps_sdram_inst|hps_sdram_pll:pll|pll_write_clk_dq_write_clk'
Slack : 0.608
TNS   : 0.000

Type  : Slow 1100mV 85C Model Minimum Pulse Width 'cycloneV_soc:cycloneV_soc_2|cycloneV_soc_hps_0:hps_0|cycloneV_soc_hps_0_hps_io:hps_io|cycloneV_soc_hps_0_hps_io_border:border|hps_sdram:hps_sdram_inst|hps_sdram_pll:pll|afi_clk_write_clk'
Slack : 0.623
TNS   : 0.000

Type  : Slow 1100mV 85C Model Minimum Pulse Width 'cycloneV_soc_2|pll_0|altera_pll_i|general[0].gpll~FRACTIONAL_PLL|vcoph[0]'
Slack : 1.666
TNS   : 0.000

Type  : Slow 1100mV 85C Model Minimum Pulse Width 'CLOCK_50'
Slack : 8.851
TNS   : 0.000

Type  : Slow 1100mV 85C Model Minimum Pulse Width 'altera_reserved_tck'
Slack : 18.676
TNS   : 0.000

Type  : Slow 1100mV 85C Model Minimum Pulse Width 'cycloneV_soc_2|pll_0|altera_pll_i|general[0].gpll~PLL_OUTPUT_COUNTER|divclk'
Slack : 48.782
TNS   : 0.000

Type  : Slow 1100mV 85C Model Minimum Pulse Width 'cycloneV_soc_2|pll_0|altera_pll_i|general[1].gpll~PLL_OUTPUT_COUNTER|divclk'
Slack : 98.762
TNS   : 0.000

Type  : Slow 1100mV 0C Model Setup 'cycloneV_soc_2|pll_0|altera_pll_i|general[1].gpll~PLL_OUTPUT_COUNTER|divclk'
Slack : -2.407
TNS   : -119.890

Type  : Slow 1100mV 0C Model Setup 'cycloneV_soc:cycloneV_soc_2|cycloneV_soc_hps_0:hps_0|cycloneV_soc_hps_0_hps_io:hps_io|cycloneV_soc_hps_0_hps_io_border:border|hps_sdram:hps_sdram_inst|hps_sdram_pll:pll|afi_clk_write_clk'
Slack : 1.727
TNS   : 0.000

Type  : Slow 1100mV 0C Model Setup 'CLOCK_50'
Slack : 6.110
TNS   : 0.000

Type  : Slow 1100mV 0C Model Setup 'altera_reserved_tck'
Slack : 7.207
TNS   : 0.000

Type  : Slow 1100mV 0C Model Setup 'cycloneV_soc_2|pll_0|altera_pll_i|general[0].gpll~PLL_OUTPUT_COUNTER|divclk'
Slack : 92.265
TNS   : 0.000

Type  : Slow 1100mV 0C Model Hold 'cycloneV_soc:cycloneV_soc_2|cycloneV_soc_hps_0:hps_0|cycloneV_soc_hps_0_hps_io:hps_io|cycloneV_soc_hps_0_hps_io_border:border|hps_sdram:hps_sdram_inst|hps_sdram_pll:pll|afi_clk_write_clk'
Slack : 0.162
TNS   : 0.000

Type  : Slow 1100mV 0C Model Hold 'CLOCK_50'
Slack : 0.222
TNS   : 0.000

Type  : Slow 1100mV 0C Model Hold 'cycloneV_soc_2|pll_0|altera_pll_i|general[0].gpll~PLL_OUTPUT_COUNTER|divclk'
Slack : 0.272
TNS   : 0.000

Type  : Slow 1100mV 0C Model Hold 'cycloneV_soc_2|pll_0|altera_pll_i|general[1].gpll~PLL_OUTPUT_COUNTER|divclk'
Slack : 0.279
TNS   : 0.000

Type  : Slow 1100mV 0C Model Hold 'altera_reserved_tck'
Slack : 0.373
TNS   : 0.000

Type  : Slow 1100mV 0C Model Recovery 'cycloneV_soc_2|pll_0|altera_pll_i|general[1].gpll~PLL_OUTPUT_COUNTER|divclk'
Slack : -2.250
TNS   : -247.584

Type  : Slow 1100mV 0C Model Recovery 'cycloneV_soc:cycloneV_soc_2|cycloneV_soc_hps_0:hps_0|cycloneV_soc_hps_0_hps_io:hps_io|cycloneV_soc_hps_0_hps_io_border:border|hps_sdram:hps_sdram_inst|hps_sdram_pll:pll|afi_clk_write_clk'
Slack : 3.554
TNS   : 0.000

Type  : Slow 1100mV 0C Model Recovery 'CLOCK_50'
Slack : 11.442
TNS   : 0.000

Type  : Slow 1100mV 0C Model Recovery 'altera_reserved_tck'
Slack : 34.810
TNS   : 0.000

Type  : Slow 1100mV 0C Model Recovery 'cycloneV_soc_2|pll_0|altera_pll_i|general[0].gpll~PLL_OUTPUT_COUNTER|divclk'
Slack : 94.082
TNS   : 0.000

Type  : Slow 1100mV 0C Model Removal 'cycloneV_soc:cycloneV_soc_2|cycloneV_soc_hps_0:hps_0|cycloneV_soc_hps_0_hps_io:hps_io|cycloneV_soc_hps_0_hps_io_border:border|hps_sdram:hps_sdram_inst|hps_sdram_pll:pll|afi_clk_write_clk'
Slack : 0.280
TNS   : 0.000

Type  : Slow 1100mV 0C Model Removal 'cycloneV_soc_2|pll_0|altera_pll_i|general[1].gpll~PLL_OUTPUT_COUNTER|divclk'
Slack : 0.620
TNS   : 0.000

Type  : Slow 1100mV 0C Model Removal 'CLOCK_50'
Slack : 0.799
TNS   : 0.000

Type  : Slow 1100mV 0C Model Removal 'altera_reserved_tck'
Slack : 0.804
TNS   : 0.000

Type  : Slow 1100mV 0C Model Removal 'cycloneV_soc_2|pll_0|altera_pll_i|general[0].gpll~PLL_OUTPUT_COUNTER|divclk'
Slack : 0.925
TNS   : 0.000

Type  : Slow 1100mV 0C Model Minimum Pulse Width 'cycloneV_soc:cycloneV_soc_2|cycloneV_soc_hps_0:hps_0|cycloneV_soc_hps_0_hps_io:hps_io|cycloneV_soc_hps_0_hps_io_border:border|hps_sdram:hps_sdram_inst|hps_sdram_pll:pll|pll_write_clk_dq_write_clk'
Slack : 0.613
TNS   : 0.000

Type  : Slow 1100mV 0C Model Minimum Pulse Width 'cycloneV_soc:cycloneV_soc_2|cycloneV_soc_hps_0:hps_0|cycloneV_soc_hps_0_hps_io:hps_io|cycloneV_soc_hps_0_hps_io_border:border|hps_sdram:hps_sdram_inst|hps_sdram_pll:pll|afi_clk_write_clk'
Slack : 0.630
TNS   : 0.000

Type  : Slow 1100mV 0C Model Minimum Pulse Width 'cycloneV_soc_2|pll_0|altera_pll_i|general[0].gpll~FRACTIONAL_PLL|vcoph[0]'
Slack : 1.666
TNS   : 0.000

Type  : Slow 1100mV 0C Model Minimum Pulse Width 'CLOCK_50'
Slack : 8.896
TNS   : 0.000

Type  : Slow 1100mV 0C Model Minimum Pulse Width 'altera_reserved_tck'
Slack : 18.700
TNS   : 0.000

Type  : Slow 1100mV 0C Model Minimum Pulse Width 'cycloneV_soc_2|pll_0|altera_pll_i|general[0].gpll~PLL_OUTPUT_COUNTER|divclk'
Slack : 48.754
TNS   : 0.000

Type  : Slow 1100mV 0C Model Minimum Pulse Width 'cycloneV_soc_2|pll_0|altera_pll_i|general[1].gpll~PLL_OUTPUT_COUNTER|divclk'
Slack : 98.738
TNS   : 0.000

Type  : Fast 1100mV 85C Model Setup 'cycloneV_soc_2|pll_0|altera_pll_i|general[1].gpll~PLL_OUTPUT_COUNTER|divclk'
Slack : -1.373
TNS   : -69.025

Type  : Fast 1100mV 85C Model Setup 'cycloneV_soc:cycloneV_soc_2|cycloneV_soc_hps_0:hps_0|cycloneV_soc_hps_0_hps_io:hps_io|cycloneV_soc_hps_0_hps_io_border:border|hps_sdram:hps_sdram_inst|hps_sdram_pll:pll|afi_clk_write_clk'
Slack : 2.110
TNS   : 0.000

Type  : Fast 1100mV 85C Model Setup 'altera_reserved_tck'
Slack : 9.198
TNS   : 0.000

Type  : Fast 1100mV 85C Model Setup 'CLOCK_50'
Slack : 11.149
TNS   : 0.000

Type  : Fast 1100mV 85C Model Setup 'cycloneV_soc_2|pll_0|altera_pll_i|general[0].gpll~PLL_OUTPUT_COUNTER|divclk'
Slack : 94.763
TNS   : 0.000

Type  : Fast 1100mV 85C Model Hold 'cycloneV_soc:cycloneV_soc_2|cycloneV_soc_hps_0:hps_0|cycloneV_soc_hps_0_hps_io:hps_io|cycloneV_soc_hps_0_hps_io_border:border|hps_sdram:hps_sdram_inst|hps_sdram_pll:pll|afi_clk_write_clk'
Slack : 0.084
TNS   : 0.000

Type  : Fast 1100mV 85C Model Hold 'cycloneV_soc_2|pll_0|altera_pll_i|general[1].gpll~PLL_OUTPUT_COUNTER|divclk'
Slack : 0.139
TNS   : 0.000

Type  : Fast 1100mV 85C Model Hold 'CLOCK_50'
Slack : 0.140
TNS   : 0.000

Type  : Fast 1100mV 85C Model Hold 'cycloneV_soc_2|pll_0|altera_pll_i|general[0].gpll~PLL_OUTPUT_COUNTER|divclk'
Slack : 0.165
TNS   : 0.000

Type  : Fast 1100mV 85C Model Hold 'altera_reserved_tck'
Slack : 0.176
TNS   : 0.000

Type  : Fast 1100mV 85C Model Recovery 'cycloneV_soc_2|pll_0|altera_pll_i|general[1].gpll~PLL_OUTPUT_COUNTER|divclk'
Slack : -1.326
TNS   : -140.648

Type  : Fast 1100mV 85C Model Recovery 'cycloneV_soc:cycloneV_soc_2|cycloneV_soc_hps_0:hps_0|cycloneV_soc_hps_0_hps_io:hps_io|cycloneV_soc_hps_0_hps_io_border:border|hps_sdram:hps_sdram_inst|hps_sdram_pll:pll|afi_clk_write_clk'
Slack : 3.774
TNS   : 0.000

Type  : Fast 1100mV 85C Model Recovery 'CLOCK_50'
Slack : 14.294
TNS   : 0.000

Type  : Fast 1100mV 85C Model Recovery 'altera_reserved_tck'
Slack : 36.826
TNS   : 0.000

Type  : Fast 1100mV 85C Model Recovery 'cycloneV_soc_2|pll_0|altera_pll_i|general[0].gpll~PLL_OUTPUT_COUNTER|divclk'
Slack : 95.749
TNS   : 0.000

Type  : Fast 1100mV 85C Model Removal 'cycloneV_soc_2|pll_0|altera_pll_i|general[1].gpll~PLL_OUTPUT_COUNTER|divclk'
Slack : 0.356
TNS   : 0.000

Type  : Fast 1100mV 85C Model Removal 'cycloneV_soc:cycloneV_soc_2|cycloneV_soc_hps_0:hps_0|cycloneV_soc_hps_0_hps_io:hps_io|cycloneV_soc_hps_0_hps_io_border:border|hps_sdram:hps_sdram_inst|hps_sdram_pll:pll|afi_clk_write_clk'
Slack : 0.397
TNS   : 0.000

Type  : Fast 1100mV 85C Model Removal 'altera_reserved_tck'
Slack : 0.473
TNS   : 0.000

Type  : Fast 1100mV 85C Model Removal 'CLOCK_50'
Slack : 0.492
TNS   : 0.000

Type  : Fast 1100mV 85C Model Removal 'cycloneV_soc_2|pll_0|altera_pll_i|general[0].gpll~PLL_OUTPUT_COUNTER|divclk'
Slack : 0.590
TNS   : 0.000

Type  : Fast 1100mV 85C Model Minimum Pulse Width 'cycloneV_soc:cycloneV_soc_2|cycloneV_soc_hps_0:hps_0|cycloneV_soc_hps_0_hps_io:hps_io|cycloneV_soc_hps_0_hps_io_border:border|hps_sdram:hps_sdram_inst|hps_sdram_pll:pll|pll_write_clk_dq_write_clk'
Slack : 0.883
TNS   : 0.000

Type  : Fast 1100mV 85C Model Minimum Pulse Width 'cycloneV_soc:cycloneV_soc_2|cycloneV_soc_hps_0:hps_0|cycloneV_soc_hps_0_hps_io:hps_io|cycloneV_soc_hps_0_hps_io_border:border|hps_sdram:hps_sdram_inst|hps_sdram_pll:pll|afi_clk_write_clk'
Slack : 0.891
TNS   : 0.000

Type  : Fast 1100mV 85C Model Minimum Pulse Width 'cycloneV_soc_2|pll_0|altera_pll_i|general[0].gpll~FRACTIONAL_PLL|vcoph[0]'
Slack : 1.666
TNS   : 0.000

Type  : Fast 1100mV 85C Model Minimum Pulse Width 'CLOCK_50'
Slack : 8.455
TNS   : 0.000

Type  : Fast 1100mV 85C Model Minimum Pulse Width 'altera_reserved_tck'
Slack : 18.276
TNS   : 0.000

Type  : Fast 1100mV 85C Model Minimum Pulse Width 'cycloneV_soc_2|pll_0|altera_pll_i|general[0].gpll~PLL_OUTPUT_COUNTER|divclk'
Slack : 48.898
TNS   : 0.000

Type  : Fast 1100mV 85C Model Minimum Pulse Width 'cycloneV_soc_2|pll_0|altera_pll_i|general[1].gpll~PLL_OUTPUT_COUNTER|divclk'
Slack : 98.885
TNS   : 0.000

Type  : Fast 1100mV 0C Model Setup 'cycloneV_soc_2|pll_0|altera_pll_i|general[1].gpll~PLL_OUTPUT_COUNTER|divclk'
Slack : -1.250
TNS   : -63.195

Type  : Fast 1100mV 0C Model Setup 'cycloneV_soc:cycloneV_soc_2|cycloneV_soc_hps_0:hps_0|cycloneV_soc_hps_0_hps_io:hps_io|cycloneV_soc_hps_0_hps_io_border:border|hps_sdram:hps_sdram_inst|hps_sdram_pll:pll|afi_clk_write_clk'
Slack : 2.110
TNS   : 0.000

Type  : Fast 1100mV 0C Model Setup 'altera_reserved_tck'
Slack : 10.197
TNS   : 0.000

Type  : Fast 1100mV 0C Model Setup 'CLOCK_50'
Slack : 12.107
TNS   : 0.000

Type  : Fast 1100mV 0C Model Setup 'cycloneV_soc_2|pll_0|altera_pll_i|general[0].gpll~PLL_OUTPUT_COUNTER|divclk'
Slack : 95.348
TNS   : 0.000

Type  : Fast 1100mV 0C Model Hold 'cycloneV_soc:cycloneV_soc_2|cycloneV_soc_hps_0:hps_0|cycloneV_soc_hps_0_hps_io:hps_io|cycloneV_soc_hps_0_hps_io_border:border|hps_sdram:hps_sdram_inst|hps_sdram_pll:pll|afi_clk_write_clk'
Slack : 0.077
TNS   : 0.000

Type  : Fast 1100mV 0C Model Hold 'CLOCK_50'
Slack : 0.127
TNS   : 0.000

Type  : Fast 1100mV 0C Model Hold 'cycloneV_soc_2|pll_0|altera_pll_i|general[1].gpll~PLL_OUTPUT_COUNTER|divclk'
Slack : 0.146
TNS   : 0.000

Type  : Fast 1100mV 0C Model Hold 'cycloneV_soc_2|pll_0|altera_pll_i|general[0].gpll~PLL_OUTPUT_COUNTER|divclk'
Slack : 0.155
TNS   : 0.000

Type  : Fast 1100mV 0C Model Hold 'altera_reserved_tck'
Slack : 0.168
TNS   : 0.000

Type  : Fast 1100mV 0C Model Recovery 'cycloneV_soc_2|pll_0|altera_pll_i|general[1].gpll~PLL_OUTPUT_COUNTER|divclk'
Slack : -1.203
TNS   : -128.410

Type  : Fast 1100mV 0C Model Recovery 'cycloneV_soc:cycloneV_soc_2|cycloneV_soc_hps_0:hps_0|cycloneV_soc_hps_0_hps_io:hps_io|cycloneV_soc_hps_0_hps_io_border:border|hps_sdram:hps_sdram_inst|hps_sdram_pll:pll|afi_clk_write_clk'
Slack : 3.872
TNS   : 0.000

Type  : Fast 1100mV 0C Model Recovery 'CLOCK_50'
Slack : 14.920
TNS   : 0.000

Type  : Fast 1100mV 0C Model Recovery 'altera_reserved_tck'
Slack : 37.016
TNS   : 0.000

Type  : Fast 1100mV 0C Model Recovery 'cycloneV_soc_2|pll_0|altera_pll_i|general[0].gpll~PLL_OUTPUT_COUNTER|divclk'
Slack : 96.374
TNS   : 0.000

Type  : Fast 1100mV 0C Model Removal 'cycloneV_soc_2|pll_0|altera_pll_i|general[1].gpll~PLL_OUTPUT_COUNTER|divclk'
Slack : 0.307
TNS   : 0.000

Type  : Fast 1100mV 0C Model Removal 'cycloneV_soc:cycloneV_soc_2|cycloneV_soc_hps_0:hps_0|cycloneV_soc_hps_0_hps_io:hps_io|cycloneV_soc_hps_0_hps_io_border:border|hps_sdram:hps_sdram_inst|hps_sdram_pll:pll|afi_clk_write_clk'
Slack : 0.373
TNS   : 0.000

Type  : Fast 1100mV 0C Model Removal 'altera_reserved_tck'
Slack : 0.426
TNS   : 0.000

Type  : Fast 1100mV 0C Model Removal 'CLOCK_50'
Slack : 0.439
TNS   : 0.000

Type  : Fast 1100mV 0C Model Removal 'cycloneV_soc_2|pll_0|altera_pll_i|general[0].gpll~PLL_OUTPUT_COUNTER|divclk'
Slack : 0.517
TNS   : 0.000

Type  : Fast 1100mV 0C Model Minimum Pulse Width 'cycloneV_soc:cycloneV_soc_2|cycloneV_soc_hps_0:hps_0|cycloneV_soc_hps_0_hps_io:hps_io|cycloneV_soc_hps_0_hps_io_border:border|hps_sdram:hps_sdram_inst|hps_sdram_pll:pll|pll_write_clk_dq_write_clk'
Slack : 0.887
TNS   : 0.000

Type  : Fast 1100mV 0C Model Minimum Pulse Width 'cycloneV_soc:cycloneV_soc_2|cycloneV_soc_hps_0:hps_0|cycloneV_soc_hps_0_hps_io:hps_io|cycloneV_soc_hps_0_hps_io_border:border|hps_sdram:hps_sdram_inst|hps_sdram_pll:pll|afi_clk_write_clk'
Slack : 0.894
TNS   : 0.000

Type  : Fast 1100mV 0C Model Minimum Pulse Width 'cycloneV_soc_2|pll_0|altera_pll_i|general[0].gpll~FRACTIONAL_PLL|vcoph[0]'
Slack : 1.666
TNS   : 0.000

Type  : Fast 1100mV 0C Model Minimum Pulse Width 'CLOCK_50'
Slack : 8.410
TNS   : 0.000

Type  : Fast 1100mV 0C Model Minimum Pulse Width 'altera_reserved_tck'
Slack : 18.248
TNS   : 0.000

Type  : Fast 1100mV 0C Model Minimum Pulse Width 'cycloneV_soc_2|pll_0|altera_pll_i|general[0].gpll~PLL_OUTPUT_COUNTER|divclk'
Slack : 48.901
TNS   : 0.000

Type  : Fast 1100mV 0C Model Minimum Pulse Width 'cycloneV_soc_2|pll_0|altera_pll_i|general[1].gpll~PLL_OUTPUT_COUNTER|divclk'
Slack : 98.887
TNS   : 0.000

------------------------------------------------------------
Info: see the "DDR report" for DDR timing results
------------------------------------------------------------
------------------------------------------------------------
