------------------------------------------------------------
TimeQuest Timing Analyzer Summary
------------------------------------------------------------

Type  : Slow 1100mV 85C Model Setup 'CLOCK_50'
Slack : -7.083
TNS   : -368.038

Type  : Slow 1100mV 85C Model Setup 'cycloneV_soc_2|pll_0|altera_pll_i|general[0].gpll~PLL_OUTPUT_COUNTER|divclk'
Slack : -5.179
TNS   : -1341.634

Type  : Slow 1100mV 85C Model Setup 'cycloneV_soc:cycloneV_soc_2|cycloneV_soc_hps_0:hps_0|cycloneV_soc_hps_0_hps_io:hps_io|cycloneV_soc_hps_0_hps_io_border:border|hps_sdram:hps_sdram_inst|hps_sdram_pll:pll|afi_clk_write_clk'
Slack : 1.730
TNS   : 0.000

Type  : Slow 1100mV 85C Model Hold 'cycloneV_soc:cycloneV_soc_2|cycloneV_soc_hps_0:hps_0|cycloneV_soc_hps_0_hps_io:hps_io|cycloneV_soc_hps_0_hps_io_border:border|hps_sdram:hps_sdram_inst|hps_sdram_pll:pll|afi_clk_write_clk'
Slack : 0.143
TNS   : 0.000

Type  : Slow 1100mV 85C Model Hold 'cycloneV_soc_2|pll_0|altera_pll_i|general[0].gpll~PLL_OUTPUT_COUNTER|divclk'
Slack : 0.217
TNS   : 0.000

Type  : Slow 1100mV 85C Model Hold 'CLOCK_50'
Slack : 0.241
TNS   : 0.000

Type  : Slow 1100mV 85C Model Recovery 'cycloneV_soc_2|pll_0|altera_pll_i|general[0].gpll~PLL_OUTPUT_COUNTER|divclk'
Slack : -5.055
TNS   : -1008.353

Type  : Slow 1100mV 85C Model Recovery 'CLOCK_50'
Slack : -3.491
TNS   : -3.491

Type  : Slow 1100mV 85C Model Recovery 'cycloneV_soc:cycloneV_soc_2|cycloneV_soc_hps_0:hps_0|cycloneV_soc_hps_0_hps_io:hps_io|cycloneV_soc_hps_0_hps_io_border:border|hps_sdram:hps_sdram_inst|hps_sdram_pll:pll|afi_clk_write_clk'
Slack : 3.463
TNS   : 0.000

Type  : Slow 1100mV 85C Model Removal 'cycloneV_soc:cycloneV_soc_2|cycloneV_soc_hps_0:hps_0|cycloneV_soc_hps_0_hps_io:hps_io|cycloneV_soc_hps_0_hps_io_border:border|hps_sdram:hps_sdram_inst|hps_sdram_pll:pll|afi_clk_write_clk'
Slack : 0.286
TNS   : 0.000

Type  : Slow 1100mV 85C Model Removal 'cycloneV_soc_2|pll_0|altera_pll_i|general[0].gpll~PLL_OUTPUT_COUNTER|divclk'
Slack : 0.479
TNS   : 0.000

Type  : Slow 1100mV 85C Model Removal 'CLOCK_50'
Slack : 0.739
TNS   : 0.000

Type  : Slow 1100mV 85C Model Minimum Pulse Width 'cycloneV_soc_2|pll_0|altera_pll_i|general[0].gpll~FRACTIONAL_PLL|vcoph[0]'
Slack : 0.438
TNS   : 0.000

Type  : Slow 1100mV 85C Model Minimum Pulse Width 'cycloneV_soc:cycloneV_soc_2|cycloneV_soc_hps_0:hps_0|cycloneV_soc_hps_0_hps_io:hps_io|cycloneV_soc_hps_0_hps_io_border:border|hps_sdram:hps_sdram_inst|hps_sdram_pll:pll|pll_write_clk_dq_write_clk'
Slack : 0.608
TNS   : 0.000

Type  : Slow 1100mV 85C Model Minimum Pulse Width 'cycloneV_soc:cycloneV_soc_2|cycloneV_soc_hps_0:hps_0|cycloneV_soc_hps_0_hps_io:hps_io|cycloneV_soc_hps_0_hps_io_border:border|hps_sdram:hps_sdram_inst|hps_sdram_pll:pll|afi_clk_write_clk'
Slack : 0.623
TNS   : 0.000

Type  : Slow 1100mV 85C Model Minimum Pulse Width 'CLOCK_50'
Slack : 8.890
TNS   : 0.000

Type  : Slow 1100mV 85C Model Minimum Pulse Width 'cycloneV_soc_2|pll_0|altera_pll_i|general[0].gpll~PLL_OUTPUT_COUNTER|divclk'
Slack : 11.919
TNS   : 0.000

Type  : Slow 1100mV 0C Model Setup 'CLOCK_50'
Slack : -6.932
TNS   : -357.379

Type  : Slow 1100mV 0C Model Setup 'cycloneV_soc_2|pll_0|altera_pll_i|general[0].gpll~PLL_OUTPUT_COUNTER|divclk'
Slack : -5.076
TNS   : -1242.343

Type  : Slow 1100mV 0C Model Setup 'cycloneV_soc:cycloneV_soc_2|cycloneV_soc_hps_0:hps_0|cycloneV_soc_hps_0_hps_io:hps_io|cycloneV_soc_hps_0_hps_io_border:border|hps_sdram:hps_sdram_inst|hps_sdram_pll:pll|afi_clk_write_clk'
Slack : 1.727
TNS   : 0.000

Type  : Slow 1100mV 0C Model Hold 'cycloneV_soc_2|pll_0|altera_pll_i|general[0].gpll~PLL_OUTPUT_COUNTER|divclk'
Slack : 0.105
TNS   : 0.000

Type  : Slow 1100mV 0C Model Hold 'cycloneV_soc:cycloneV_soc_2|cycloneV_soc_hps_0:hps_0|cycloneV_soc_hps_0_hps_io:hps_io|cycloneV_soc_hps_0_hps_io_border:border|hps_sdram:hps_sdram_inst|hps_sdram_pll:pll|afi_clk_write_clk'
Slack : 0.162
TNS   : 0.000

Type  : Slow 1100mV 0C Model Hold 'CLOCK_50'
Slack : 0.229
TNS   : 0.000

Type  : Slow 1100mV 0C Model Recovery 'cycloneV_soc_2|pll_0|altera_pll_i|general[0].gpll~PLL_OUTPUT_COUNTER|divclk'
Slack : -4.761
TNS   : -946.831

Type  : Slow 1100mV 0C Model Recovery 'CLOCK_50'
Slack : -3.328
TNS   : -3.328

Type  : Slow 1100mV 0C Model Recovery 'cycloneV_soc:cycloneV_soc_2|cycloneV_soc_hps_0:hps_0|cycloneV_soc_hps_0_hps_io:hps_io|cycloneV_soc_hps_0_hps_io_border:border|hps_sdram:hps_sdram_inst|hps_sdram_pll:pll|afi_clk_write_clk'
Slack : 3.554
TNS   : 0.000

Type  : Slow 1100mV 0C Model Removal 'cycloneV_soc:cycloneV_soc_2|cycloneV_soc_hps_0:hps_0|cycloneV_soc_hps_0_hps_io:hps_io|cycloneV_soc_hps_0_hps_io_border:border|hps_sdram:hps_sdram_inst|hps_sdram_pll:pll|afi_clk_write_clk'
Slack : 0.280
TNS   : 0.000

Type  : Slow 1100mV 0C Model Removal 'cycloneV_soc_2|pll_0|altera_pll_i|general[0].gpll~PLL_OUTPUT_COUNTER|divclk'
Slack : 0.402
TNS   : 0.000

Type  : Slow 1100mV 0C Model Removal 'CLOCK_50'
Slack : 0.689
TNS   : 0.000

Type  : Slow 1100mV 0C Model Minimum Pulse Width 'cycloneV_soc_2|pll_0|altera_pll_i|general[0].gpll~FRACTIONAL_PLL|vcoph[0]'
Slack : 0.438
TNS   : 0.000

Type  : Slow 1100mV 0C Model Minimum Pulse Width 'cycloneV_soc:cycloneV_soc_2|cycloneV_soc_hps_0:hps_0|cycloneV_soc_hps_0_hps_io:hps_io|cycloneV_soc_hps_0_hps_io_border:border|hps_sdram:hps_sdram_inst|hps_sdram_pll:pll|pll_write_clk_dq_write_clk'
Slack : 0.613
TNS   : 0.000

Type  : Slow 1100mV 0C Model Minimum Pulse Width 'cycloneV_soc:cycloneV_soc_2|cycloneV_soc_hps_0:hps_0|cycloneV_soc_hps_0_hps_io:hps_io|cycloneV_soc_hps_0_hps_io_border:border|hps_sdram:hps_sdram_inst|hps_sdram_pll:pll|afi_clk_write_clk'
Slack : 0.630
TNS   : 0.000

Type  : Slow 1100mV 0C Model Minimum Pulse Width 'CLOCK_50'
Slack : 8.929
TNS   : 0.000

Type  : Slow 1100mV 0C Model Minimum Pulse Width 'cycloneV_soc_2|pll_0|altera_pll_i|general[0].gpll~PLL_OUTPUT_COUNTER|divclk'
Slack : 11.882
TNS   : 0.000

Type  : Fast 1100mV 85C Model Setup 'CLOCK_50'
Slack : -3.631
TNS   : -171.665

Type  : Fast 1100mV 85C Model Setup 'cycloneV_soc_2|pll_0|altera_pll_i|general[0].gpll~PLL_OUTPUT_COUNTER|divclk'
Slack : -3.389
TNS   : -798.447

Type  : Fast 1100mV 85C Model Setup 'cycloneV_soc:cycloneV_soc_2|cycloneV_soc_hps_0:hps_0|cycloneV_soc_hps_0_hps_io:hps_io|cycloneV_soc_hps_0_hps_io_border:border|hps_sdram:hps_sdram_inst|hps_sdram_pll:pll|afi_clk_write_clk'
Slack : 2.110
TNS   : 0.000

Type  : Fast 1100mV 85C Model Hold 'cycloneV_soc:cycloneV_soc_2|cycloneV_soc_hps_0:hps_0|cycloneV_soc_hps_0_hps_io:hps_io|cycloneV_soc_hps_0_hps_io_border:border|hps_sdram:hps_sdram_inst|hps_sdram_pll:pll|afi_clk_write_clk'
Slack : 0.084
TNS   : 0.000

Type  : Fast 1100mV 85C Model Hold 'cycloneV_soc_2|pll_0|altera_pll_i|general[0].gpll~PLL_OUTPUT_COUNTER|divclk'
Slack : 0.139
TNS   : 0.000

Type  : Fast 1100mV 85C Model Hold 'CLOCK_50'
Slack : 0.142
TNS   : 0.000

Type  : Fast 1100mV 85C Model Recovery 'cycloneV_soc_2|pll_0|altera_pll_i|general[0].gpll~PLL_OUTPUT_COUNTER|divclk'
Slack : -2.990
TNS   : -588.550

Type  : Fast 1100mV 85C Model Recovery 'CLOCK_50'
Slack : -1.478
TNS   : -1.478

Type  : Fast 1100mV 85C Model Recovery 'cycloneV_soc:cycloneV_soc_2|cycloneV_soc_hps_0:hps_0|cycloneV_soc_hps_0_hps_io:hps_io|cycloneV_soc_hps_0_hps_io_border:border|hps_sdram:hps_sdram_inst|hps_sdram_pll:pll|afi_clk_write_clk'
Slack : 3.774
TNS   : 0.000

Type  : Fast 1100mV 85C Model Removal 'cycloneV_soc_2|pll_0|altera_pll_i|general[0].gpll~PLL_OUTPUT_COUNTER|divclk'
Slack : 0.252
TNS   : 0.000

Type  : Fast 1100mV 85C Model Removal 'cycloneV_soc:cycloneV_soc_2|cycloneV_soc_hps_0:hps_0|cycloneV_soc_hps_0_hps_io:hps_io|cycloneV_soc_hps_0_hps_io_border:border|hps_sdram:hps_sdram_inst|hps_sdram_pll:pll|afi_clk_write_clk'
Slack : 0.397
TNS   : 0.000

Type  : Fast 1100mV 85C Model Removal 'CLOCK_50'
Slack : 0.430
TNS   : 0.000

Type  : Fast 1100mV 85C Model Minimum Pulse Width 'cycloneV_soc_2|pll_0|altera_pll_i|general[0].gpll~FRACTIONAL_PLL|vcoph[0]'
Slack : 0.438
TNS   : 0.000

Type  : Fast 1100mV 85C Model Minimum Pulse Width 'cycloneV_soc:cycloneV_soc_2|cycloneV_soc_hps_0:hps_0|cycloneV_soc_hps_0_hps_io:hps_io|cycloneV_soc_hps_0_hps_io_border:border|hps_sdram:hps_sdram_inst|hps_sdram_pll:pll|pll_write_clk_dq_write_clk'
Slack : 0.883
TNS   : 0.000

Type  : Fast 1100mV 85C Model Minimum Pulse Width 'cycloneV_soc:cycloneV_soc_2|cycloneV_soc_hps_0:hps_0|cycloneV_soc_hps_0_hps_io:hps_io|cycloneV_soc_hps_0_hps_io_border:border|hps_sdram:hps_sdram_inst|hps_sdram_pll:pll|afi_clk_write_clk'
Slack : 0.891
TNS   : 0.000

Type  : Fast 1100mV 85C Model Minimum Pulse Width 'CLOCK_50'
Slack : 8.486
TNS   : 0.000

Type  : Fast 1100mV 85C Model Minimum Pulse Width 'cycloneV_soc_2|pll_0|altera_pll_i|general[0].gpll~PLL_OUTPUT_COUNTER|divclk'
Slack : 12.038
TNS   : 0.000

Type  : Fast 1100mV 0C Model Setup 'CLOCK_50'
Slack : -3.429
TNS   : -162.145

Type  : Fast 1100mV 0C Model Setup 'cycloneV_soc_2|pll_0|altera_pll_i|general[0].gpll~PLL_OUTPUT_COUNTER|divclk'
Slack : -2.789
TNS   : -615.478

Type  : Fast 1100mV 0C Model Setup 'cycloneV_soc:cycloneV_soc_2|cycloneV_soc_hps_0:hps_0|cycloneV_soc_hps_0_hps_io:hps_io|cycloneV_soc_hps_0_hps_io_border:border|hps_sdram:hps_sdram_inst|hps_sdram_pll:pll|afi_clk_write_clk'
Slack : 2.110
TNS   : 0.000

Type  : Fast 1100mV 0C Model Hold 'cycloneV_soc:cycloneV_soc_2|cycloneV_soc_hps_0:hps_0|cycloneV_soc_hps_0_hps_io:hps_io|cycloneV_soc_hps_0_hps_io_border:border|hps_sdram:hps_sdram_inst|hps_sdram_pll:pll|afi_clk_write_clk'
Slack : 0.077
TNS   : 0.000

Type  : Fast 1100mV 0C Model Hold 'cycloneV_soc_2|pll_0|altera_pll_i|general[0].gpll~PLL_OUTPUT_COUNTER|divclk'
Slack : 0.101
TNS   : 0.000

Type  : Fast 1100mV 0C Model Hold 'CLOCK_50'
Slack : 0.128
TNS   : 0.000

Type  : Fast 1100mV 0C Model Recovery 'cycloneV_soc_2|pll_0|altera_pll_i|general[0].gpll~PLL_OUTPUT_COUNTER|divclk'
Slack : -2.564
TNS   : -498.113

Type  : Fast 1100mV 0C Model Recovery 'CLOCK_50'
Slack : -1.369
TNS   : -1.369

Type  : Fast 1100mV 0C Model Recovery 'cycloneV_soc:cycloneV_soc_2|cycloneV_soc_hps_0:hps_0|cycloneV_soc_hps_0_hps_io:hps_io|cycloneV_soc_hps_0_hps_io_border:border|hps_sdram:hps_sdram_inst|hps_sdram_pll:pll|afi_clk_write_clk'
Slack : 3.872
TNS   : 0.000

Type  : Fast 1100mV 0C Model Removal 'cycloneV_soc_2|pll_0|altera_pll_i|general[0].gpll~PLL_OUTPUT_COUNTER|divclk'
Slack : 0.193
TNS   : 0.000

Type  : Fast 1100mV 0C Model Removal 'CLOCK_50'
Slack : 0.359
TNS   : 0.000

Type  : Fast 1100mV 0C Model Removal 'cycloneV_soc:cycloneV_soc_2|cycloneV_soc_hps_0:hps_0|cycloneV_soc_hps_0_hps_io:hps_io|cycloneV_soc_hps_0_hps_io_border:border|hps_sdram:hps_sdram_inst|hps_sdram_pll:pll|afi_clk_write_clk'
Slack : 0.373
TNS   : 0.000

Type  : Fast 1100mV 0C Model Minimum Pulse Width 'cycloneV_soc_2|pll_0|altera_pll_i|general[0].gpll~FRACTIONAL_PLL|vcoph[0]'
Slack : 0.438
TNS   : 0.000

Type  : Fast 1100mV 0C Model Minimum Pulse Width 'cycloneV_soc:cycloneV_soc_2|cycloneV_soc_hps_0:hps_0|cycloneV_soc_hps_0_hps_io:hps_io|cycloneV_soc_hps_0_hps_io_border:border|hps_sdram:hps_sdram_inst|hps_sdram_pll:pll|pll_write_clk_dq_write_clk'
Slack : 0.887
TNS   : 0.000

Type  : Fast 1100mV 0C Model Minimum Pulse Width 'cycloneV_soc:cycloneV_soc_2|cycloneV_soc_hps_0:hps_0|cycloneV_soc_hps_0_hps_io:hps_io|cycloneV_soc_hps_0_hps_io_border:border|hps_sdram:hps_sdram_inst|hps_sdram_pll:pll|afi_clk_write_clk'
Slack : 0.894
TNS   : 0.000

Type  : Fast 1100mV 0C Model Minimum Pulse Width 'CLOCK_50'
Slack : 8.436
TNS   : 0.000

Type  : Fast 1100mV 0C Model Minimum Pulse Width 'cycloneV_soc_2|pll_0|altera_pll_i|general[0].gpll~PLL_OUTPUT_COUNTER|divclk'
Slack : 12.043
TNS   : 0.000

------------------------------------------------------------
Info: see the "DDR report" for DDR timing results
------------------------------------------------------------
------------------------------------------------------------
